bma2x2.c:160:29:bma2x2_burst_read	40	static
bma2x2.c:200:29:bma2x2_init	32	static
bma2x2.c:241:29:bma2x2_write_reg	32	static
bma2x2.c:281:29:bma2x2_read_reg	32	static
bma2x2.c:317:29:bma2x2_read_accel_x	32	static
bma2x2.c:397:29:bma2x2_read_accel_eight_resolution_x	32	static
bma2x2.c:438:29:bma2x2_read_accel_y	32	static
bma2x2.c:520:29:bma2x2_read_accel_eight_resolution_y	32	static
bma2x2.c:560:29:bma2x2_read_accel_z	32	static
bma2x2.c:642:29:bma2x2_read_accel_eight_resolution_z	32	static
bma2x2.c:680:29:bma2x2_read_accel_xyz	32	static
bma2x2.c:817:29:bma2x2_read_accel_eight_resolution_xyz	32	static
bma2x2.c:867:29:bma2x2_get_intr_tap_stat	32	static
bma2x2.c:900:29:bma2x2_get_intr_orient_stat	32	static
bma2x2.c:932:29:bma2x2_get_fifo_stat	32	static
bma2x2.c:966:29:bma2x2_get_fifo_frame_count	32	static
bma2x2.c:1003:29:bma2x2_get_fifo_overrun	32	static
bma2x2.c:1041:29:bma2x2_get_intr_stat	32	static
bma2x2.c:1081:29:bma2x2_get_range	32	static
bma2x2.c:1122:29:bma2x2_set_range	32	static
bma2x2.c:1199:29:bma2x2_get_bw	32	static
bma2x2.c:1246:29:bma2x2_set_bw	32	static
bma2x2.c:1402:29:bma2x2_get_power_mode	32	static
bma2x2.c:1506:29:bma2x2_set_power_mode	32	static
bma2x2.c:1600:29:bma2x2_set_mode_value	24	static
bma2x2.c:1680:29:bma2x2_get_sleep_durn	32	static
bma2x2.c:1731:29:bma2x2_set_sleep_durn	32	static
bma2x2.c:1838:29:bma2x2_get_sleep_timer_mode	32	static
bma2x2.c:1879:29:bma2x2_set_sleep_timer_mode	32	static
bma2x2.c:1922:29:bma2x2_get_high_bw	32	static
bma2x2.c:1958:29:bma2x2_set_high_bw	32	static
bma2x2.c:1998:29:bma2x2_get_shadow_dis	32	static
bma2x2.c:2036:29:bma2x2_set_shadow_dis	32	static
bma2x2.c:2072:29:bma2x2_soft_rst	16	static
bma2x2.c:2106:29:bma2x2_update_image	24	static
bma2x2.c:2172:29:bma2x2_get_intr_enable	32	static
bma2x2.c:2332:29:bma2x2_set_intr_enable	32	static
bma2x2.c:2447:29:bma2x2_get_intr_fifo_full	32	static
bma2x2.c:2488:29:bma2x2_set_intr_fifo_full	32	static
bma2x2.c:2539:29:bma2x2_get_intr_fifo_wm	32	static
bma2x2.c:2582:29:bma2x2_set_intr_fifo_wm	32	static
bma2x2.c:2638:29:bma2x2_get_slow_no_motion	32	static
bma2x2.c:2720:29:bma2x2_set_slow_no_motion	32	static
bma2x2.c:2822:29:bma2x2_get_intr_low_g	32	static
bma2x2.c:2888:29:bma2x2_set_intr_low_g	32	static
bma2x2.c:2957:29:bma2x2_get_intr_high_g	32	static
bma2x2.c:3020:29:bma2x2_set_intr_high_g	32	static
bma2x2.c:3093:29:bma2x2_get_intr_slope	32	static
bma2x2.c:3158:29:bma2x2_set_intr_slope	32	static
bma2x2.c:3232:29:bma2x2_get_intr_slow_no_motion	32	static
bma2x2.c:3298:29:bma2x2_set_intr_slow_no_motion	32	static
bma2x2.c:3373:29:bma2x2_get_intr_double_tap	32	static
bma2x2.c:3438:29:bma2x2_set_intr_double_tap	32	static
bma2x2.c:3512:29:bma2x2_get_intr_single_tap	32	static
bma2x2.c:3576:29:bma2x2_set_intr_single_tap	32	static
bma2x2.c:3648:29:bma2x2_get_intr_orient	32	static
bma2x2.c:3711:29:bma2x2_set_intr_orient	32	static
bma2x2.c:3784:29:bma2x2_get_intr_flat	32	static
bma2x2.c:3849:29:bma2x2_set_intr_flat	32	static
bma2x2.c:3921:29:bma2x2_get_new_data	32	static
bma2x2.c:3985:29:bma2x2_set_new_data	32	static
bma2x2.c:4048:29:bma2x2_get_intr1_fifo_wm	32	static
bma2x2.c:4087:29:bma2x2_set_intr1_fifo_wm	32	static
bma2x2.c:4135:29:bma2x2_get_intr2_fifo_wm	32	static
bma2x2.c:4174:29:bma2x2_set_intr2_fifo_wm	32	static
bma2x2.c:4224:29:bma2x2_get_intr1_fifo_full	32	static
bma2x2.c:4265:29:bma2x2_set_intr1_fifo_full	32	static
bma2x2.c:4316:29:bma2x2_get_intr2_fifo_full	32	static
bma2x2.c:4358:29:bma2x2_set_intr2_fifo_full	32	static
bma2x2.c:4418:29:bma2x2_get_source	32	static
bma2x2.c:4515:29:bma2x2_set_source	32	static
bma2x2.c:4633:29:bma2x2_get_intr_output_type	32	static
bma2x2.c:4695:29:bma2x2_set_intr_output_type	32	static
bma2x2.c:4764:29:bma2x2_get_intr_level	32	static
bma2x2.c:4825:29:bma2x2_set_intr_level	32	static
bma2x2.c:4888:29:bma2x2_rst_intr	32	static
bma2x2.c:4941:29:bma2x2_get_latch_intr	32	static
bma2x2.c:4993:29:bma2x2_set_latch_intr	32	static
bma2x2.c:5142:29:bma2x2_get_durn	32	static
bma2x2.c:5233:29:bma2x2_set_durn	32	static
bma2x2.c:5351:29:bma2x2_get_thres	32	static
bma2x2.c:5463:29:bma2x2_set_thres	24	static
bma2x2.c:5544:29:bma2x2_get_low_high_g_hyst	32	static
bma2x2.c:5613:29:bma2x2_set_low_high_g_hyst	32	static
bma2x2.c:5673:29:bma2x2_get_low_g_mode	32	static
bma2x2.c:5711:29:bma2x2_set_low_g_mode	32	static
bma2x2.c:5760:29:bma2x2_get_tap_durn	32	static
bma2x2.c:5806:29:bma2x2_set_tap_durn	32	static
bma2x2.c:5849:29:bma2x2_get_tap_shock	32	static
bma2x2.c:5889:29:bma2x2_set_tap_shock	32	static
bma2x2.c:5931:29:bma2x2_get_tap_quiet	32	static
bma2x2.c:5970:29:bma2x2_set_tap_quiet	32	static
bma2x2.c:6017:29:bma2x2_get_tap_thres	32	static
bma2x2.c:6060:29:bma2x2_set_tap_thres	32	static
bma2x2.c:6104:29:bma2x2_get_tap_sample	32	static
bma2x2.c:6146:29:bma2x2_set_tap_sample	32	static
bma2x2.c:6191:29:bma2x2_get_orient_mode	32	static
bma2x2.c:6233:29:bma2x2_set_orient_mode	32	static
bma2x2.c:6283:29:bma2x2_get_orient_block	32	static
bma2x2.c:6332:29:bma2x2_set_orient_block	32	static
bma2x2.c:6372:29:bma2x2_get_orient_hyst	32	static
bma2x2.c:6409:29:bma2x2_set_orient_hyst	32	static
bma2x2.c:6457:29:bma2x2_get_theta	32	static
bma2x2.c:6519:29:bma2x2_set_theta	32	static
bma2x2.c:6578:29:bma2x2_get_orient_enable	32	static
bma2x2.c:6617:29:bma2x2_set_orient_enable	32	static
bma2x2.c:6658:29:bma2x2_get_flat_hyst	32	static
bma2x2.c:6696:29:bma2x2_set_flat_hyst	32	static
bma2x2.c:6741:29:bma2x2_get_flat_hold_time	32	static
bma2x2.c:6785:29:bma2x2_set_flat_hold_time	32	static
bma2x2.c:6827:29:bma2x2_get_fifo_wml_trig	32	static
bma2x2.c:6866:29:bma2x2_set_fifo_wml_trig	32	static
bma2x2.c:6921:29:bma2x2_get_selftest_axis	32	static
bma2x2.c:6964:29:bma2x2_set_selftest_axis	32	static
bma2x2.c:7012:29:bma2x2_get_selftest_sign	32	static
bma2x2.c:7053:29:bma2x2_set_selftest_sign	32	static
bma2x2.c:7100:29:bma2x2_get_nvmprog_mode	32	static
bma2x2.c:7138:29:bma2x2_set_nvmprog_mode	32	static
bma2x2.c:7182:29:bma2x2_set_nvprog_trig	32	static
bma2x2.c:7225:29:bma2x2_get_nvmprog_ready	32	static
bma2x2.c:7265:29:bma2x2_get_nvmprog_remain	32	static
bma2x2.c:7305:29:bma2x2_get_spi3	32	static
bma2x2.c:7346:29:bma2x2_set_spi3	32	static
bma2x2.c:7401:29:bma2x2_get_i2c_wdt	32	static
bma2x2.c:7468:29:bma2x2_set_i2c_wdt	32	static
bma2x2.c:7541:29:bma2x2_get_slow_comp	32	static
bma2x2.c:7617:29:bma2x2_set_slow_comp	32	static
bma2x2.c:7694:29:bma2x2_get_cal_rdy	32	static
bma2x2.c:7732:29:bma2x2_set_cal_trigger	32	static
bma2x2.c:7772:29:bma2x2_set_offset_rst	32	static
bma2x2.c:7834:29:bma2x2_get_offset_target	32	static
bma2x2.c:7928:29:bma2x2_set_offset_target	32	static
bma2x2.c:8021:29:bma2x2_get_offset	32	static
bma2x2.c:8087:29:bma2x2_set_offset	24	static
bma2x2.c:8146:29:bma2x2_get_fifo_mode	32	static
bma2x2.c:8187:29:bma2x2_set_fifo_mode	32	static
bma2x2.c:8248:29:bma2x2_get_fifo_data_select	32	static
bma2x2.c:8290:29:bma2x2_set_fifo_data_select	32	static
bma2x2.c:8356:29:bma2x2_read_fifo_data	32	static
bma2x2.c:8427:29:bma2x2_extract_accel	48	static
bma2x2.c:8467:13:get_accel_len_to_parse	24	static
bma2x2.c:8502:13:unpack_accel_frame	32	static
bma2x2.c:8593:13:unpack_accel_xyz	32	static
bma2x2.c:8646:29:bma2x2_read_temp	32	static
bma2x2.c:8680:29:bma2x2_read_accel_xyzt	32	static
bma2x2.c:8813:29:bma2x2_read_accel_eight_resolution_xyzt	32	static
bma2x2.c:8869:29:bma2x2_get_fifo_data_output_reg	32	static
