core_cm3.h:1547:22:__NVIC_DisableIRQ	16	static,ignoring_inline_asm
core_cm3.h:1600:22:__NVIC_ClearPendingIRQ	16	static
stm32f1xx_ll_tim.h:1248:22:LL_TIM_SetCounter	16	static
stm32f1xx_ll_tim.h:2924:22:LL_TIM_ClearFlag_UPDATE	16	static
stm32f1xx_ll_tim.h:2935:26:LL_TIM_IsActiveFlag_UPDATE	16	static
stm32f1xx_it.c:74:6:NMI_Handler	4	static
stm32f1xx_it.c:87:6:HardFault_Handler	4	static
stm32f1xx_it.c:102:6:MemManage_Handler	4	static
stm32f1xx_it.c:117:6:BusFault_Handler	4	static
stm32f1xx_it.c:132:6:UsageFault_Handler	4	static
stm32f1xx_it.c:147:6:SVC_Handler	4	static
stm32f1xx_it.c:160:6:DebugMon_Handler	4	static
stm32f1xx_it.c:173:6:PendSV_Handler	4	static
stm32f1xx_it.c:186:6:SysTick_Handler	8	static
stm32f1xx_it.c:207:6:EXTI0_IRQHandler	8	static
stm32f1xx_it.c:223:6:EXTI1_IRQHandler	8	static
stm32f1xx_it.c:238:6:USB_LP_CAN1_RX0_IRQHandler	8	static
stm32f1xx_it.c:252:6:TIM2_IRQHandler	8	static
stm32f1xx_it.c:278:6:TIM3_IRQHandler	8	static
