report.c:33:6:report_util_setting_prefix	16	static
report.c:34:13:report_util_line_feed	8	static
report.c:35:13:report_util_feedback_line_feed	8	static
report.c:36:13:report_util_gcode_modes_G	8	static
report.c:37:13:report_util_gcode_modes_M	8	static
report.c:39:13:report_util_axis_values	24	static
report.c:94:13:report_util_uint8_setting	16	static
report.c:99:13:report_util_float_setting	16	static
report.c:112:6:report_status_message	16	static
report.c:125:6:report_alarm_message	16	static
report.c:138:6:report_feedback_message	16	static
report.c:170:6:report_init_message	8	static
report.c:178:6:report_grbl_help	8	static
report.c:185:6:report_grbl_settings	24	static
report.c:246:6:report_probe_parameters	24	static
report.c:260:6:report_ngc_parameters	24	static
report.c:290:6:report_gcode_modes	8	static
report.c:367:6:report_startup_line	16	static
report.c:376:6:report_execute_startup_message	16	static
report.c:385:6:report_build_info	16	static
report.c:473:6:report_echo_line_received	16	static
report.c:485:6:report_realtime_status	72	static
report.c:692:8:report_realtime_debug	4	static
