stm32f1xx_ll_tim.h:1008:22:LL_TIM_EnableCounter	16	static
stm32f1xx_ll_tim.h:1474:22:LL_TIM_CC_EnableChannel	16	static
stm32f1xx_ll_tim.h:1978:22:LL_TIM_OC_SetCompareCH1	16	static
stm32f1xx_ll_tim.h:2829:22:LL_TIM_DisableAllOutputs	16	static
stm32f1xx_ll_gpio.h:694:26:LL_GPIO_ReadInputPort	16	static
spindle_control.c:30:6:spindle_init	8	static
spindle_control.c:63:9:spindle_get_state	16	static
spindle_control.c:128:6:spindle_stop	8	static
spindle_control.c:175:8:spindle_set_speed	16	static
spindle_control.c:232:20:spindle_get_speed	4	static
spindle_control.c:283:22:spindle_compute_pwm_value	32	static
spindle_control.c:317:8:spindle_set_state	16	static
spindle_control.c:368:8:spindle_sync	16	static
