core_cm3.h:1511:22:__NVIC_EnableIRQ	16	static
core_cm3.h:1547:22:__NVIC_DisableIRQ	16	static,ignoring_inline_asm
stm32f1xx_ll_tim.h:1008:22:LL_TIM_EnableCounter	16	static
stm32f1xx_ll_tim.h:1313:22:LL_TIM_SetAutoReload	16	static
stm32f1xx_ll_tim.h:2924:22:LL_TIM_ClearFlag_UPDATE	16	static
stm32f1xx_ll_tim.h:3195:22:LL_TIM_EnableIT_UPDATE	16	static
stm32f1xx_ll_tim.h:3704:22:LL_TIM_GenerateEvent_UPDATE	16	static
stm32f1xx_ll_gpio.h:735:22:LL_GPIO_WriteOutputPort	16	static
stm32f1xx_ll_gpio.h:746:26:LL_GPIO_ReadOutputPort	16	static
stepper.c:228:6:st_wake_up	16	static
stepper.c:288:6:st_go_idle	16	static
stepper.c:369:6:HandleStepSetIT	16	static
stepper.c:633:6:HandleStepResetIT	8	static
stepper.c:658:6:st_generate_step_dir_invert_masks	16	static
stepper.c:683:6:st_reset	8	static
stepper.c:718:6:stepper_init	8	static
stepper.c:757:6:st_update_plan_block_parameters	16	static
stepper.c:768:16:st_next_block_index	16	static
stepper.c:827:6:st_prep_buffer	104	static
stepper.c:1250:7:st_get_realtime_rate	4	static
