stm32f1xx_ll_gpio.h:694:26:LL_GPIO_ReadInputPort	16	static
system.c:24:6:system_init	4	static
system.c:42:9:system_control_get_state	16	static
system.c:71:8:HandleControlIT	24	static
system.c:97:9:system_check_safety_door_ajar	8	static
system.c:108:6:system_execute_startup	24	static
system.c:133:9:system_execute_line	40	static
system.c:304:6:system_flag_wco_change	8	static
system.c:316:7:system_convert_axis_steps_to_mpos	24	static
system.c:334:6:system_convert_array_steps_to_mpos	32	static
system.c:358:9:system_check_travel_limits	24	static
system.c:380:6:system_set_exec_state_flag	16	static,ignoring_inline_asm
system.c:394:6:system_clear_exec_state_flag	16	static,ignoring_inline_asm
system.c:408:6:system_set_exec_alarm	16	static,ignoring_inline_asm
system.c:422:6:system_clear_exec_alarm	4	static,ignoring_inline_asm
system.c:436:6:system_set_exec_motion_override_flag	16	static,ignoring_inline_asm
system.c:450:6:system_set_exec_accessory_override_flag	16	static,ignoring_inline_asm
system.c:464:6:system_clear_exec_motion_overrides	4	static,ignoring_inline_asm
system.c:478:6:system_clear_exec_accessory_overrides	4	static,ignoring_inline_asm
